>>> type wen
{
  "result_type": "update_composition",
  "state": {
    "chinese_mode": true,
    "full_width": false,
    "chinese_punctuation": true,
    "effective_mode": "chinese",
    "engine_name": "mixed",
    "input_buffer": "wen",
    "input_cursor_pos": 3,
    "preedit_display": "",
    "candidates": [
      {
        "text": "仍",
        "code": "wen",
        "weight": 0
      },
      {
        "text": "问",
        "code": "wen",
        "weight": 0
      },
      {
        "text": "仍以",
        "code": "weny",
        "weight": 0
      },
      {
        "text": "仍属",
        "code": "went",
        "weight": 0
      }
    ],
    "current_page": 1,
    "total_pages": 1,
    "selected_index": 0,
    "candidates_per_page": 7
  }
}
>>> key space
{
  "result_type": "insert_text",
  "commit_text": "仍",
  "state": {
    "chinese_mode": true,
    "full_width": false,
    "chinese_punctuation": true,
    "effective_mode": "chinese",
    "engine_name": "mixed",
    "input_buffer": "",
    "input_cursor_pos": 0,
    "preedit_display": "",
    "candidates": [],
    "current_page": 1,
    "total_pages": 1,
    "selected_index": 0,
    "candidates_per_page": 7
  }
}
