>>> type Hello
{
  "result_type": "update_composition",
  "state": {
    "chinese_mode": true,
    "full_width": false,
    "chinese_punctuation": true,
    "effective_mode": "chinese",
    "engine_name": "pinyin",
    "input_buffer": "",
    "input_cursor_pos": 0,
    "preedit_display": "",
    "candidates": [
      {
        "text": "HELLO",
        "code": "hello",
        "weight": 0
      },
      {
        "text": "Hello",
        "code": "hello",
        "weight": 0
      },
      {
        "text": "hello",
        "code": "hello",
        "weight": 0
      }
    ],
    "current_page": 1,
    "total_pages": 1,
    "selected_index": 0,
    "candidates_per_page": 7,
    "temp_english_mode": true
  }
}
>>> key backspace
{
  "result_type": "update_composition",
  "state": {
    "chinese_mode": true,
    "full_width": false,
    "chinese_punctuation": true,
    "effective_mode": "chinese",
    "engine_name": "pinyin",
    "input_buffer": "",
    "input_cursor_pos": 0,
    "preedit_display": "",
    "candidates": [
      {
        "text": "Hello",
        "code": "hello",
        "weight": 0
      },
      {
        "text": "Hell",
        "code": "hell",
        "weight": 0
      }
    ],
    "current_page": 1,
    "total_pages": 1,
    "selected_index": 0,
    "candidates_per_page": 7,
    "temp_english_mode": true
  }
}
