>>> key ;
{
  "result_type": "update_composition",
  "state": {
    "chinese_mode": true,
    "full_width": false,
    "chinese_punctuation": true,
    "effective_mode": "chinese",
    "engine_name": "pinyin",
    "input_buffer": "",
    "input_cursor_pos": 0,
    "preedit_display": "",
    "candidates": [],
    "current_page": 1,
    "total_pages": 1,
    "selected_index": 0,
    "candidates_per_page": 7,
    "quick_input_mode": true
  }
}
>>> type rq
{
  "result_type": "update_composition",
  "state": {
    "chinese_mode": true,
    "full_width": false,
    "chinese_punctuation": true,
    "effective_mode": "chinese",
    "engine_name": "pinyin",
    "input_buffer": "",
    "input_cursor_pos": 0,
    "preedit_display": "r q",
    "candidates": [
      {
        "text": "人群",
        "code": "rq",
        "weight": 0
      },
      {
        "text": "热情",
        "code": "rq",
        "weight": 0
      },
      {
        "text": "人气",
        "code": "rq",
        "weight": 0
      },
      {
        "text": "日期",
        "code": "rq",
        "weight": 0
      },
      {
        "text": "入侵",
        "code": "rq",
        "weight": 0
      },
      {
        "text": "容器",
        "code": "rq",
        "weight": 0
      },
      {
        "text": "让其",
        "code": "rq",
        "weight": 0
      }
    ],
    "current_page": 1,
    "total_pages": 13,
    "selected_index": 0,
    "candidates_per_page": 7,
    "quick_input_mode": true,
    "pinyin_layer_mounted": true
  }
}
>>> key space
{
  "result_type": "insert_text",
  "commit_text": "人群",
  "state": {
    "chinese_mode": true,
    "full_width": false,
    "chinese_punctuation": true,
    "effective_mode": "chinese",
    "engine_name": "pinyin",
    "input_buffer": "",
    "input_cursor_pos": 0,
    "preedit_display": "",
    "candidates": [],
    "current_page": 1,
    "total_pages": 1,
    "selected_index": 0,
    "candidates_per_page": 7
  }
}
