>>> type 3
{
  "result_type": "",
  "state": {
    "chinese_mode": true,
    "full_width": false,
    "chinese_punctuation": true,
    "effective_mode": "chinese",
    "engine_name": "codetable",
    "input_buffer": "",
    "input_cursor_pos": 0,
    "preedit_display": "",
    "candidates": [],
    "current_page": 1,
    "total_pages": 1,
    "selected_index": 0,
    "candidates_per_page": 7
  }
}
>>> type .
{
  "result_type": "insert_text",
  "commit_text": ".",
  "state": {
    "chinese_mode": true,
    "full_width": false,
    "chinese_punctuation": true,
    "effective_mode": "chinese",
    "engine_name": "codetable",
    "input_buffer": "",
    "input_cursor_pos": 0,
    "preedit_display": "",
    "candidates": [],
    "current_page": 1,
    "total_pages": 1,
    "selected_index": 0,
    "candidates_per_page": 7
  }
}
>>> type 1
{
  "result_type": "",
  "state": {
    "chinese_mode": true,
    "full_width": false,
    "chinese_punctuation": true,
    "effective_mode": "chinese",
    "engine_name": "codetable",
    "input_buffer": "",
    "input_cursor_pos": 0,
    "preedit_display": "",
    "candidates": [],
    "current_page": 1,
    "total_pages": 1,
    "selected_index": 0,
    "candidates_per_page": 7
  }
}
>>> type 4
{
  "result_type": "",
  "state": {
    "chinese_mode": true,
    "full_width": false,
    "chinese_punctuation": true,
    "effective_mode": "chinese",
    "engine_name": "codetable",
    "input_buffer": "",
    "input_cursor_pos": 0,
    "preedit_display": "",
    "candidates": [],
    "current_page": 1,
    "total_pages": 1,
    "selected_index": 0,
    "candidates_per_page": 7
  }
}
