>>> type nihaoya
{
  "result_type": "update_composition",
  "state": {
    "chinese_mode": true,
    "full_width": false,
    "chinese_punctuation": true,
    "effective_mode": "chinese",
    "engine_name": "pinyin",
    "input_buffer": "nihaoya",
    "input_cursor_pos": 7,
    "preedit_display": "ni hao ya",
    "candidates": [
      {
        "text": "你好呀",
        "code": "nihaoya",
        "weight": 0
      },
      {
        "text": "你好",
        "code": "nihao",
        "weight": 0
      },
      {
        "text": "拟好",
        "code": "nihao",
        "weight": 0
      },
      {
        "text": "你",
        "code": "ni",
        "weight": 0
      }
    ],
    "current_page": 1,
    "total_pages": 1,
    "selected_index": 0,
    "candidates_per_page": 7
  }
}
>>> select 1
{
  "result_type": "insert_text",
  "commit_text": "你好呀",
  "state": {
    "chinese_mode": true,
    "full_width": false,
    "chinese_punctuation": true,
    "effective_mode": "chinese",
    "engine_name": "pinyin",
    "input_buffer": "",
    "input_cursor_pos": 0,
    "preedit_display": "",
    "candidates": [],
    "current_page": 1,
    "total_pages": 1,
    "selected_index": 0,
    "candidates_per_page": 7
  }
}
